Training device: cuda
Trainable params: 345284697/349494873 | wav2vec2 trainable: 311228544/315438720
EPOCH 0:
Training loss: 9.574970026112082
EPOCH 1:
Training loss: 4.416674947618839
EPOCH 2:
Training loss: 4.38889092236907
EPOCH 3:
Training loss: 4.376066600857069
EPOCH 4:
Training loss: 4.365575705341358
EPOCH 5:
Training loss: 4.357813538618423
EPOCH 6:
Training loss: 4.353588672139537
EPOCH 7:
Training loss: 4.348451806672254
EPOCH 8:
Training loss: 4.3445163195456695
EPOCH 9:
Training loss: 4.333972479530315
EPOCH 10:
Training loss: 4.32218097951544
EPOCH 11:
Training loss: 4.3027855673027995
EPOCH 12:
Training loss: 4.293536435719111
EPOCH 13:
Training loss: 4.290072312606639
EPOCH 14:
Training loss: 4.288039095138186
EPOCH 15:
Training loss: 4.286839852380992
EPOCH 16:
Training loss: 4.283362970879329
EPOCH 17:
Training loss: 4.282537682571602
EPOCH 18:
Training loss: 4.278530288281752
EPOCH 19:
Training loss: 4.277999571220359
EPOCH 20:
Training loss: 4.275646676969289
EPOCH 21:
Training loss: 4.273542433827367
EPOCH 22:
Training loss: 4.271566236737985
EPOCH 23:
Training loss: 4.26792729469999
EPOCH 24:
Training loss: 4.2615286650969155
EPOCH 25:
Training loss: 4.253803678193883
EPOCH 26:
Training loss: 4.243882157395234
EPOCH 27:
Training loss: 4.233712665998756
EPOCH 28:
Training loss: 4.226446767548221
EPOCH 29:
Training loss: 4.218216032838103
EPOCH 30:
Training loss: 4.2152050380131705
save_checkpoint...
wer checkpoint 30: 0.9358162172633098
min_wer: 0.9358162172633098
EPOCH 31:
Training loss: 4.208687318030314
save_checkpoint...
wer checkpoint 31: 0.918441513600386
min_wer: 0.918441513600386
EPOCH 32:
Training loss: 4.203457802084822
wer checkpoint 32: 0.9257662737026968
min_wer: 0.918441513600386
EPOCH 33:
Training loss: 4.200770904670408
wer checkpoint 33: 0.9340395359064104
min_wer: 0.918441513600386
EPOCH 34:
Training loss: 4.197214081958311
wer checkpoint 34: 0.9282849369932461
min_wer: 0.918441513600386
EPOCH 35:
Training loss: 4.193060576316699
wer checkpoint 35: 0.9314444452153441
min_wer: 0.918441513600386
EPOCH 36:
Training loss: 4.187572318704883
wer checkpoint 36: 0.9340679056244574
min_wer: 0.918441513600386
EPOCH 37:
Training loss: 4.186966836452484
save_checkpoint...
wer checkpoint 37: 0.9182320657214657
min_wer: 0.9182320657214657
EPOCH 38:
Training loss: 4.18591303891273
wer checkpoint 38: 0.9270648559444836
min_wer: 0.9182320657214657
EPOCH 39:
Training loss: 4.17925622415303
save_checkpoint...
wer checkpoint 39: 0.9149357971282357
min_wer: 0.9149357971282357
EPOCH 40:
Training loss: 4.174456426845723
wer checkpoint 40: 0.9257662737026968
min_wer: 0.9149357971282357
EPOCH 41:
Training loss: 4.183117236024771
wer checkpoint 41: 0.9343679431313692
min_wer: 0.9149357971282357
EPOCH 42:
Training loss: 4.169260927181148
wer checkpoint 42: 0.9337394983994985
min_wer: 0.9149357971282357
EPOCH 43:
Training loss: 4.16830244825114
wer checkpoint 43: 0.9271195904819767
min_wer: 0.9149357971282357
EPOCH 44:
Training loss: 4.163651805726727
wer checkpoint 44: 0.9642663437446367
min_wer: 0.9149357971282357
EPOCH 45:
Training loss: 4.165474435492377
wer checkpoint 45: 0.9343679431313692
min_wer: 0.9149357971282357
EPOCH 46:
Training loss: 4.163653295243805
wer checkpoint 46: 0.9414632196210333
min_wer: 0.9149357971282357
EPOCH 47:
Training loss: 4.162381355187402
wer checkpoint 47: 0.9642663437446367
min_wer: 0.9149357971282357
EPOCH 48:
Training loss: 4.160148692490467
wer checkpoint 48: 0.9337394983994985
min_wer: 0.9149357971282357
EPOCH 49:
